../Core/Src/main.c:79:1:__io_putchar	16	static
../Core/Src/main.c:120:6:HAL_UART_RxCpltCallback	24	static
../Core/Src/main.c:139:5:main	16	static
../Core/Src/main.c:294:6:SystemClock_Config	88	static
../Core/Src/main.c:341:13:MX_ADC1_Init	24	static
../Core/Src/main.c:402:13:MX_TIM1_Init	32	static
../Core/Src/main.c:448:13:MX_TIM3_Init	48	static
../Core/Src/main.c:497:13:MX_USART2_UART_Init	8	static
../Core/Src/main.c:530:13:MX_USART6_UART_Init	8	static
../Core/Src/main.c:561:13:MX_DMA_Init	16	static
../Core/Src/main.c:579:13:MX_GPIO_Init	48	static
../Core/Src/main.c:657:6:Error_Handler	4	static,ignoring_inline_asm
